23:29:23 INFO   normalized cache hit: norm-train_source1-210069713-1790376971-aa22d71da7290a1b.parquet
23:29:23 INFO   normalized cache hit: norm-train_source2-489301488-1790376963-aa22d71da7290a1b.parquet
23:29:23 INFO   normalized cache hit: norm-train_source3-503705637-1790376969-aa22d71da7290a1b.parquet
23:29:23 INFO   normalized cache hit: norm-test_source1-175022086-1790376957-aa22d71da7290a1b.parquet
23:29:23 INFO   normalized cache hit: norm-test_source2-509456422-1790376951-aa22d71da7290a1b.parquet
23:29:23 INFO   normalized cache hit: norm-test_source3-506002772-1790376956-aa22d71da7290a1b.parquet
23:29:23 INFO GPU GBDT unavailable (nvidia-smi not found); using LightGBM on CPU
23:29:24 INFO    checkpoint hit: scale-meta-79d7c0cb98631d6f-fold0 (0.4s, F:\AMRITA ALL SEMESTER\projects\Amazon ML Challenge 2026\ber_cache)
23:29:24 INFO    checkpoint hit: scale-meta-79d7c0cb98631d6f-fold1 (0.2s, F:\AMRITA ALL SEMESTER\projects\Amazon ML Challenge 2026\ber_cache)
23:29:24 INFO    checkpoint hit: scale-meta-79d7c0cb98631d6f-fold2 (0.2s, F:\AMRITA ALL SEMESTER\projects\Amazon ML Challenge 2026\ber_cache)
23:29:24 INFO    checkpoint hit: scale-meta-79d7c0cb98631d6f-fold3 (0.2s, F:\AMRITA ALL SEMESTER\projects\Amazon ML Challenge 2026\ber_cache)
23:29:24 INFO    checkpoint hit: scale-meta-79d7c0cb98631d6f-fold4 (0.2s, F:\AMRITA ALL SEMESTER\projects\Amazon ML Challenge 2026\ber_cache)
23:29:25 INFO    checkpoint hit: scale-pass1-566ac748c3e149b6-fold0 (0.2s, F:\AMRITA ALL SEMESTER\projects\Amazon ML Challenge 2026\ber_cache)
23:29:36 INFO    checkpoint hit: scale-feat-cdecefa605a44e57 (10.5s, F:\AMRITA ALL SEMESTER\projects\Amazon ML Challenge 2026\ber_cache)
23:29:38 INFO    checkpoint hit: proxy-built-v1-150000 (1.1s, F:\AMRITA ALL SEMESTER\projects\Amazon ML Challenge 2026\ber_cache)
23:34:33 INFO   index: S1=883188 pool=4133346 nnz/pool-row name 3.6 addr 9.2 joint 12.4  (281s)
23:34:58 INFO   extra india: index built (312s, RSS 3.85 GB)
23:39:36 INFO features: 400000 pairs x 103 features in 34.5s
23:40:00 INFO features: 400000 pairs x 103 features in 23.8s
23:40:21 INFO features: 400000 pairs x 103 features in 20.5s
23:40:43 INFO features: 400000 pairs x 103 features in 21.1s
23:40:59 INFO features: 317168 pairs x 103 features in 16.0s
23:41:26 INFO    checkpoint saved: big-extra-ea28856c404f2385-india-chunk0 (238.6 MB, 12.4s)
23:41:26 INFO   extra india chunk 1: 76687 S1 -> 1917168 pairs, 249540 true | 700s, RSS 5.25 GB
23:49:12 INFO   index: S1=1323633 pool=6186873 nnz/pool-row name 4.0 addr 6.0 joint 9.6  (450s)
23:49:42 INFO   extra us: index built (495s, RSS 4.8 GB)
23:54:06 INFO features: 400000 pairs x 103 features in 33.9s
23:54:22 INFO features: 400000 pairs x 103 features in 15.8s
23:54:35 INFO features: 400000 pairs x 103 features in 12.7s
23:54:48 INFO features: 400000 pairs x 103 features in 12.6s
23:55:01 INFO features: 400000 pairs x 103 features in 13.1s
23:55:14 INFO features: 400000 pairs x 103 features in 12.5s
23:55:19 INFO features: 99978 pairs x 103 features in 4.6s
23:55:43 INFO    checkpoint saved: big-extra-ea28856c404f2385-us-chunk0 (293.2 MB, 10.2s)
23:55:43 INFO   extra us chunk 1: 100000 S1 -> 2499978 pairs, 337403 true | 856s, RSS 5.35 GB
23:57:46 INFO features: 400000 pairs x 103 features in 48.5s
23:57:56 INFO features: 182818 pairs x 103 features in 10.4s
23:58:03 INFO    checkpoint saved: big-extra-ea28856c404f2385-us-chunk1 (68.5 MB, 2.8s)
23:58:03 INFO   extra us chunk 2: 23313 S1 -> 582818 pairs, 78493 true | 997s, RSS 4.67 GB
23:59:03 INFO big training set: 400000 S1 (200000 base + 200000 extra), 9999887 pairs, 1329838 true, train mask 66.3% (RSS 1.97 GB)
23:59:03 INFO   big-pass1 [lightgbm]: 9999887 rows x 103 feats, pos rate 0.1330, 5 folds x 1 seeds
00:26:13 INFO    checkpoint saved: big-pass1-aebed69fe1daaf63-fold0 (39.7 MB, 3.6s)
00:26:17 INFO     big-pass1 fold 1/5: AUC 0.99963  AP 0.99790  logloss 0.01456  iters [3862]  1631s  (ETA 6538s)
00:49:29 INFO    checkpoint saved: big-pass1-aebed69fe1daaf63-fold1 (37.9 MB, 1.5s)
00:49:30 INFO     big-pass1 fold 2/5: AUC 0.99964  AP 0.99796  logloss 0.01434  iters [3585]  1392s  (ETA 4541s)
01:08:53 INFO    checkpoint saved: big-pass1-aebed69fe1daaf63-fold2 (39.4 MB, 1.4s)
01:08:55 INFO     big-pass1 fold 3/5: AUC 0.99965  AP 0.99800  logloss 0.01416  iters [3812]  1163s  (ETA 2795s)
01:27:20 INFO    checkpoint saved: big-pass1-aebed69fe1daaf63-fold3 (38.2 MB, 1.5s)
01:27:21 INFO     big-pass1 fold 4/5: AUC 0.99964  AP 0.99795  logloss 0.01445  iters [3639]  1106s  (ETA 1325s)
01:45:27 INFO    checkpoint saved: big-pass1-aebed69fe1daaf63-fold4 (37.7 MB, 1.4s)
01:45:28 INFO     big-pass1 fold 5/5: AUC 0.99964  AP 0.99797  logloss 0.01429  iters [3554]  1086s  (ETA 0s)
01:45:34 INFO   big-pass1 done: OOF AUC 0.99964  AP 0.99795  logloss 0.01436  in 6391.4s
01:45:49 INFO   big-pass2 [lightgbm]: 9999887 rows x 115 feats, pos rate 0.1330, 5 folds x 1 seeds
01:48:31 INFO    checkpoint saved: big-pass2-28ce298f491ca8d1-fold0 (16.9 MB, 0.6s)
01:48:32 INFO     big-pass2 fold 1/5: AUC 0.99967  AP 0.99815  logloss 0.01351  iters [375]  162s  (ETA 654s)
01:51:33 INFO    checkpoint saved: big-pass2-28ce298f491ca8d1-fold1 (17.4 MB, 0.6s)
01:51:34 INFO     big-pass2 fold 2/5: AUC 0.99968  AP 0.99820  logloss 0.01331  iters [436]  181s  (ETA 518s)
01:54:21 INFO    checkpoint saved: big-pass2-28ce298f491ca8d1-fold2 (17.2 MB, 0.6s)
01:54:23 INFO     big-pass2 fold 3/5: AUC 0.99969  AP 0.99825  logloss 0.01316  iters [406]  167s  (ETA 343s)
01:56:53 INFO    checkpoint saved: big-pass2-28ce298f491ca8d1-fold3 (16.9 MB, 0.6s)
01:56:54 INFO     big-pass2 fold 4/5: AUC 0.99969  AP 0.99822  logloss 0.01338  iters [362]  150s  (ETA 166s)
01:59:49 INFO    checkpoint saved: big-pass2-28ce298f491ca8d1-fold4 (17.3 MB, 0.7s)
01:59:50 INFO     big-pass2 fold 5/5: AUC 0.99969  AP 0.99824  logloss 0.01321  iters [434]  174s  (ETA 0s)
01:59:58 INFO   big-pass2 done: OOF AUC 0.99968  AP 0.99821  logloss 0.01332  in 849.0s
02:00:15 INFO big pass1 OOF macro F0.5 (train S1s, no exclusivity) 0.96740 | base part 0.96706
02:00:31 INFO big pass2 OOF macro F0.5 (train S1s, no exclusivity) 0.96963 | base part 0.96954
02:00:31 INFO manifest -> F:\AMRITA ALL SEMESTER\projects\Amazon ML Challenge 2026\code\business_entity_resolution\reports\bigtrain\manifest.json
02:00:32 INFO stage train done in 9069s
