16:09:29 INFO checkpoints: F:\AMRITA ALL SEMESTER\projects\Amazon ML Challenge 2026\ber_cache
16:09:29 INFO >> [stage 1] load_data | elapsed 0m00s | RSS 0.09 GB
16:09:29 INFO dataset: F:\AMRITA ALL SEMESTER\projects\Amazon ML Challenge 2026\student_resource\dataset
16:09:44 INFO env: {'python': '3.11.8', 'platform': 'Windows-10-10.0.26200-SP0', 'cpu_count': 16, 'effective_cpus': 16, 'numpy': '2.3.3', 'scipy': '1.16.2', 'pandas': '2.3.3', 'sklearn': '1.7.2', 'lightgbm': '4.6.0', 'xgboost': '3.2.0', 'rapidfuzz': '3.14.6', 'sparse_dot_topn': '1.2.0', 'joblib': '1.5.2', 'yaml': '6.0.3', 'torch': '2.4.1+cpu', 'transformers': '5.12.0', 'ram_gb': 15.7}
16:09:44 INFO mode: scale
16:09:44 INFO << [stage 1] load_data done in 0m14s | total 0m14s | RSS 0.31 GB
16:09:44 INFO >> [stage 2] normalize_sources | elapsed 0m14s | RSS 0.32 GB
16:09:44 INFO   normalized cache hit: norm-train_source1-210069713-1790376971-aa22d71da7290a1b.parquet
16:09:44 INFO   normalized cache hit: norm-train_source2-489301488-1790376963-aa22d71da7290a1b.parquet
16:09:44 INFO   normalized cache hit: norm-train_source3-503705637-1790376969-aa22d71da7290a1b.parquet
16:09:44 INFO   normalized cache hit: norm-test_source1-175022086-1790376957-aa22d71da7290a1b.parquet
16:09:44 INFO   normalized cache hit: norm-test_source2-509456422-1790376951-aa22d71da7290a1b.parquet
16:09:44 INFO   normalized cache hit: norm-test_source3-506002772-1790376956-aa22d71da7290a1b.parquet
16:09:44 INFO << [stage 2] normalize_sources done in 0m00s | total 0m14s | RSS 0.32 GB
16:09:44 INFO GPU GBDT unavailable (nvidia-smi not found); using LightGBM on CPU
16:09:45 INFO >> [stage 3] train_sample | elapsed 0m15s | RSS 0.37 GB
16:09:54 INFO train sample: 200000 S1 entities, 691838 true pairs
16:09:54 INFO << [stage 3] train_sample done in 0m09s | total 0m25s | RSS 1.98 GB
16:10:01 INFO    checkpoint hit: scale-union-08736215f1e6fd5b (6.4s, F:\AMRITA ALL SEMESTER\projects\Amazon ML Challenge 2026\ber_cache)
16:10:01 INFO >> [stage 4] meta_blocker | elapsed 0m32s | RSS 3.78 GB
16:10:04 INFO   meta_blocker [lightgbm]: 15678368 rows x 27 feats, pos rate 0.0427, 5 folds x 1 seeds
16:10:04 INFO    checkpoint hit: scale-meta-79d7c0cb98631d6f-fold0 (0.2s, F:\AMRITA ALL SEMESTER\projects\Amazon ML Challenge 2026\ber_cache)
16:10:06 INFO     meta_blocker fold 1/5: AUC 0.99145  AP 0.91041  logloss 0.04583  iters [909]  0s  (ETA 11s)
16:10:07 INFO    checkpoint hit: scale-meta-79d7c0cb98631d6f-fold1 (0.2s, F:\AMRITA ALL SEMESTER\projects\Amazon ML Challenge 2026\ber_cache)
16:10:09 INFO     meta_blocker fold 2/5: AUC 0.99130  AP 0.91028  logloss 0.04568  iters [664]  0s  (ETA 8s)
16:10:09 INFO    checkpoint hit: scale-meta-79d7c0cb98631d6f-fold2 (0.2s, F:\AMRITA ALL SEMESTER\projects\Amazon ML Challenge 2026\ber_cache)
16:10:11 INFO     meta_blocker fold 3/5: AUC 0.99137  AP 0.91056  logloss 0.04607  iters [1021]  0s  (ETA 5s)
16:10:11 INFO    checkpoint hit: scale-meta-79d7c0cb98631d6f-fold3 (0.2s, F:\AMRITA ALL SEMESTER\projects\Amazon ML Challenge 2026\ber_cache)
16:10:13 INFO     meta_blocker fold 4/5: AUC 0.99139  AP 0.91003  logloss 0.04591  iters [633]  0s  (ETA 2s)
16:10:14 INFO    checkpoint hit: scale-meta-79d7c0cb98631d6f-fold4 (0.2s, F:\AMRITA ALL SEMESTER\projects\Amazon ML Challenge 2026\ber_cache)
16:10:16 INFO     meta_blocker fold 5/5: AUC 0.99176  AP 0.91094  logloss 0.04568  iters [813]  0s  (ETA 0s)
16:10:26 INFO   meta_blocker done: OOF AUC 0.99145  AP 0.91044  logloss 0.04583  in 22.0s
16:10:47 INFO train sample blocking: PC union 0.9673 -> final 0.9603 | cand/S1 25.0 (union 78.4) | tau 0
16:10:47 INFO << [stage 4] meta_blocker done in 0m46s | total 1m18s | RSS 2.61 GB
16:10:47 INFO >> [stage 5] train_features | elapsed 1m18s | RSS 2.61 GB
16:10:57 INFO    checkpoint hit: scale-feat-cdecefa605a44e57 (10.2s, F:\AMRITA ALL SEMESTER\projects\Amazon ML Challenge 2026\ber_cache)
16:10:58 INFO << [stage 5] train_features done in 0m10s | total 1m28s | RSS 4.93 GB
16:10:58 INFO >> [stage 6] pass1 | elapsed 1m28s | RSS 5.02 GB
16:10:58 INFO   pass1 [lightgbm]: 4999923 rows x 103 feats, pos rate 0.1329, 5 folds x 1 seeds
16:10:58 INFO    checkpoint hit: scale-pass1-566ac748c3e149b6-fold0 (0.1s, F:\AMRITA ALL SEMESTER\projects\Amazon ML Challenge 2026\ber_cache)
16:10:58 INFO     pass1 fold 1/5: AUC 0.99956  AP 0.99753  logloss 0.01599  iters [1529]  0s  (ETA 3s)
16:10:59 INFO    checkpoint hit: scale-pass1-566ac748c3e149b6-fold1 (0.2s, F:\AMRITA ALL SEMESTER\projects\Amazon ML Challenge 2026\ber_cache)
16:10:59 INFO     pass1 fold 2/5: AUC 0.99955  AP 0.99751  logloss 0.01608  iters [1824]  0s  (ETA 2s)
16:10:59 INFO    checkpoint hit: scale-pass1-566ac748c3e149b6-fold2 (0.1s, F:\AMRITA ALL SEMESTER\projects\Amazon ML Challenge 2026\ber_cache)
16:11:00 INFO     pass1 fold 3/5: AUC 0.99955  AP 0.99752  logloss 0.01599  iters [1760]  0s  (ETA 2s)
16:11:00 INFO    checkpoint hit: scale-pass1-566ac748c3e149b6-fold3 (0.1s, F:\AMRITA ALL SEMESTER\projects\Amazon ML Challenge 2026\ber_cache)
16:11:01 INFO     pass1 fold 4/5: AUC 0.99956  AP 0.99755  logloss 0.01588  iters [1716]  0s  (ETA 1s)
16:11:01 INFO    checkpoint hit: scale-pass1-566ac748c3e149b6-fold4 (0.2s, F:\AMRITA ALL SEMESTER\projects\Amazon ML Challenge 2026\ber_cache)
16:11:01 INFO     pass1 fold 5/5: AUC 0.99958  AP 0.99763  logloss 0.01556  iters [2004]  0s  (ETA 0s)
16:11:04 INFO   pass1 done: OOF AUC 0.99956  AP 0.99755  logloss 0.01590  in 6.6s
16:11:04 INFO << [stage 6] pass1 done in 0m06s | total 1m35s | RSS 5.11 GB
16:11:04 INFO >> [stage 7] pass2 | elapsed 1m35s | RSS 5.11 GB
16:11:10 INFO   pass2 [lightgbm]: 4999923 rows x 115 feats, pos rate 0.1329, 5 folds x 1 seeds
16:11:10 INFO    checkpoint hit: scale-pass2-53a1f69ab46785a9-fold0 (0.1s, F:\AMRITA ALL SEMESTER\projects\Amazon ML Challenge 2026\ber_cache)
16:11:11 INFO     pass2 fold 1/5: AUC 0.99962  AP 0.99783  logloss 0.01490  iters [188]  0s  (ETA 4s)
16:11:11 INFO    checkpoint hit: scale-pass2-53a1f69ab46785a9-fold1 (0.1s, F:\AMRITA ALL SEMESTER\projects\Amazon ML Challenge 2026\ber_cache)
16:11:12 INFO     pass2 fold 2/5: AUC 0.99961  AP 0.99781  logloss 0.01496  iters [139]  0s  (ETA 3s)
16:11:12 INFO    checkpoint hit: scale-pass2-53a1f69ab46785a9-fold2 (0.1s, F:\AMRITA ALL SEMESTER\projects\Amazon ML Challenge 2026\ber_cache)
16:11:13 INFO     pass2 fold 3/5: AUC 0.99961  AP 0.99779  logloss 0.01494  iters [125]  0s  (ETA 2s)
16:11:13 INFO    checkpoint hit: scale-pass2-53a1f69ab46785a9-fold3 (0.1s, F:\AMRITA ALL SEMESTER\projects\Amazon ML Challenge 2026\ber_cache)
16:11:13 INFO     pass2 fold 4/5: AUC 0.99961  AP 0.99780  logloss 0.01479  iters [193]  0s  (ETA 1s)
16:11:13 INFO    checkpoint hit: scale-pass2-53a1f69ab46785a9-fold4 (0.1s, F:\AMRITA ALL SEMESTER\projects\Amazon ML Challenge 2026\ber_cache)
16:11:14 INFO     pass2 fold 5/5: AUC 0.99963  AP 0.99790  logloss 0.01450  iters [185]  0s  (ETA 0s)
16:11:17 INFO   pass2 done: OOF AUC 0.99961  AP 0.99782  logloss 0.01482  in 7.2s
16:11:18 INFO << [stage 7] pass2 done in 0m13s | total 1m48s | RSS 3.58 GB
16:11:18 INFO >> [stage 8] decoder_tuning | elapsed 1m48s | RSS 3.58 GB
16:14:15 INFO decoder: nested F0.5=0.96570  best=('d1', 0.0, 0.7, 0.6, 0.7) (in-sample 0.96574)  177.2s
16:17:06 INFO decoder: nested F0.5=0.96729  best=('d3', 0.0, 1.5, -0.25, False) (in-sample 0.96739)  170.6s
16:17:06 INFO nested OOF F0.5: pass-1 0.96570 | pass-2 0.96729 (gain +0.00159) -> using pass2
16:17:29 INFO OOF (train sample) macro F0.5: nested 0.96729 | final policy 0.96739 | by country {'india': 0.9567, 'us': 0.9745}
16:17:29 INFO OOF error budget: {'missed_extra_matches': 0.01876, 'extra_false_positives': 0.00417, 'missed_entity_blocking': 0.00409, 'missed_entity_model': 0.00342, 'singleton_false_merge': 0.00196, 'wrong_pick_only': 0.00021}
16:17:29 INFO << [stage 8] decoder_tuning done in 6m11s | total 7m59s | RSS 5.23 GB
16:17:35 INFO training objects released before test (RSS 2.09 GB)
16:17:35 INFO >> [stage 9] test[france] | elapsed 8m05s | RSS 2.09 GB
16:17:38 INFO    checkpoint hit: scale-test-5e36f206010ba954 (0.8s, F:\AMRITA ALL SEMESTER\projects\Amazon ML Challenge 2026\ber_cache)
16:17:38 INFO << [stage 9] test[france] done in 0m02s | total 8m08s | RSS 3.19 GB
16:17:38 INFO >> [stage 10] test[india] | elapsed 8m08s | RSS 3.19 GB
16:21:57 INFO   index: S1=809986 pool=4717565 nnz/pool-row name 3.6 addr 9.1 joint 12.3  (257s)
16:26:25 INFO features: 400000 pairs x 103 features in 35.4s
16:26:44 INFO features: 400000 pairs x 103 features in 19.0s
16:27:00 INFO features: 400000 pairs x 103 features in 15.6s
16:27:15 INFO features: 400000 pairs x 103 features in 14.8s
16:27:30 INFO features: 400000 pairs x 103 features in 14.9s
16:27:45 INFO features: 400000 pairs x 103 features in 14.9s
16:27:51 INFO features: 99965 pairs x 103 features in 5.8s
16:32:00 INFO    checkpoint saved: scale-test-ef29fc5cc4c22d5a-chunk0 (36.0 MB, 1.2s)
16:32:00 INFO     india chunk 1/9: 2499965 candidates (25.0/S1), mean p1 0.134 | 583s, ETA 4668s, RSS 3.78 GB
16:36:10 INFO features: 400000 pairs x 103 features in 23.0s
16:36:28 INFO features: 400000 pairs x 103 features in 18.3s
16:36:44 INFO features: 400000 pairs x 103 features in 15.6s
16:37:00 INFO features: 400000 pairs x 103 features in 15.7s
16:37:16 INFO features: 400000 pairs x 103 features in 15.7s
16:37:32 INFO features: 400000 pairs x 103 features in 15.9s
16:37:38 INFO features: 100000 pairs x 103 features in 6.0s
16:41:53 INFO    checkpoint saved: scale-test-ef29fc5cc4c22d5a-chunk1 (35.9 MB, 1.2s)
16:41:53 INFO     india chunk 2/9: 2500000 candidates (25.0/S1), mean p1 0.134 | 1176s, ETA 4117s, RSS 4.43 GB
16:46:02 INFO features: 400000 pairs x 103 features in 24.1s
16:46:21 INFO features: 400000 pairs x 103 features in 18.7s
16:46:36 INFO features: 400000 pairs x 103 features in 15.3s
16:46:52 INFO features: 400000 pairs x 103 features in 15.7s
16:47:08 INFO features: 400000 pairs x 103 features in 15.5s
16:47:24 INFO features: 400000 pairs x 103 features in 15.4s
16:47:30 INFO features: 99977 pairs x 103 features in 5.9s
16:51:41 INFO    checkpoint saved: scale-test-ef29fc5cc4c22d5a-chunk2 (35.9 MB, 1.1s)
16:51:41 INFO     india chunk 3/9: 2499977 candidates (25.0/S1), mean p1 0.134 | 1764s, ETA 3528s, RSS 1.64 GB
16:55:51 INFO features: 400000 pairs x 103 features in 24.5s
16:56:12 INFO features: 400000 pairs x 103 features in 19.8s
16:56:27 INFO features: 400000 pairs x 103 features in 15.2s
16:56:42 INFO features: 400000 pairs x 103 features in 14.8s
16:56:57 INFO features: 400000 pairs x 103 features in 14.9s
16:57:12 INFO features: 400000 pairs x 103 features in 14.8s
16:57:18 INFO features: 99948 pairs x 103 features in 5.8s
17:01:28 INFO    checkpoint saved: scale-test-ef29fc5cc4c22d5a-chunk3 (35.9 MB, 1.1s)
17:01:28 INFO     india chunk 4/9: 2499948 candidates (25.0/S1), mean p1 0.133 | 2352s, ETA 2940s, RSS 2.35 GB
17:05:49 INFO features: 400000 pairs x 103 features in 26.9s
17:06:10 INFO features: 400000 pairs x 103 features in 20.8s
17:06:25 INFO features: 400000 pairs x 103 features in 15.1s
17:06:40 INFO features: 400000 pairs x 103 features in 15.0s
17:06:56 INFO features: 400000 pairs x 103 features in 15.7s
17:07:12 INFO features: 400000 pairs x 103 features in 15.8s
17:07:19 INFO features: 99992 pairs x 103 features in 6.2s
17:11:30 INFO    checkpoint saved: scale-test-ef29fc5cc4c22d5a-chunk4 (35.9 MB, 1.1s)
17:11:30 INFO     india chunk 5/9: 2499992 candidates (25.0/S1), mean p1 0.133 | 2953s, ETA 2363s, RSS 4.37 GB
17:15:39 INFO features: 400000 pairs x 103 features in 22.1s
17:15:58 INFO features: 400000 pairs x 103 features in 18.7s
17:16:14 INFO features: 400000 pairs x 103 features in 16.0s
17:16:29 INFO features: 400000 pairs x 103 features in 14.7s
17:16:44 INFO features: 400000 pairs x 103 features in 14.9s
17:16:59 INFO features: 400000 pairs x 103 features in 14.7s
17:17:06 INFO features: 100000 pairs x 103 features in 5.9s
17:21:23 INFO    checkpoint saved: scale-test-ef29fc5cc4c22d5a-chunk5 (35.9 MB, 1.1s)
17:21:23 INFO     india chunk 6/9: 2500000 candidates (25.0/S1), mean p1 0.133 | 3547s, ETA 1773s, RSS 1.66 GB
17:25:42 INFO features: 400000 pairs x 103 features in 28.1s
17:26:01 INFO features: 400000 pairs x 103 features in 18.6s
17:26:16 INFO features: 400000 pairs x 103 features in 14.4s
17:26:31 INFO features: 400000 pairs x 103 features in 14.6s
17:26:46 INFO features: 400000 pairs x 103 features in 14.9s
17:27:01 INFO features: 400000 pairs x 103 features in 15.3s
17:27:08 INFO features: 99937 pairs x 103 features in 6.2s
17:31:17 INFO    checkpoint saved: scale-test-ef29fc5cc4c22d5a-chunk6 (35.9 MB, 1.1s)
17:31:17 INFO     india chunk 7/9: 2499937 candidates (25.0/S1), mean p1 0.134 | 4141s, ETA 1183s, RSS 3.67 GB
17:36:30 INFO features: 400000 pairs x 103 features in 25.9s
17:36:51 INFO features: 400000 pairs x 103 features in 20.2s
17:37:06 INFO features: 400000 pairs x 103 features in 14.8s
17:37:21 INFO features: 400000 pairs x 103 features in 15.2s
17:37:36 INFO features: 400000 pairs x 103 features in 15.0s
17:37:52 INFO features: 400000 pairs x 103 features in 15.4s
17:37:58 INFO features: 99981 pairs x 103 features in 5.8s
17:42:12 INFO    checkpoint saved: scale-test-ef29fc5cc4c22d5a-chunk7 (36.0 MB, 1.2s)
17:42:12 INFO     india chunk 8/9: 2499981 candidates (25.0/S1), mean p1 0.134 | 4796s, ETA 599s, RSS 1.79 GB
17:43:11 INFO features: 249647 pairs x 103 features in 16.8s
17:43:36 INFO    checkpoint saved: scale-test-ef29fc5cc4c22d5a-chunk8 (3.6 MB, 0.2s)
17:43:36 INFO     india chunk 9/9: 249647 candidates (25.0/S1), mean p1 0.134 | 4880s, ETA 0s, RSS 5.75 GB
17:43:47 INFO    checkpoint saved: scale-test-ef29fc5cc4c22d5a (291.2 MB, 8.9s)
17:43:48 INFO << [stage 10] test[india] done in 1h26m10s | total 1h34m18s | RSS 4.77 GB
17:43:48 INFO >> [stage 11] test[us] | elapsed 1h34m18s | RSS 4.77 GB
17:46:45 INFO   index: S1=663106 pool=3817031 nnz/pool-row name 4.4 addr 6.7 joint 10.7  (174s)
17:50:53 INFO features: 400000 pairs x 103 features in 23.4s
17:51:10 INFO features: 400000 pairs x 103 features in 16.8s
17:51:22 INFO features: 400000 pairs x 103 features in 11.9s
17:51:34 INFO features: 400000 pairs x 103 features in 11.6s
17:51:46 INFO features: 400000 pairs x 103 features in 11.4s
17:51:57 INFO features: 400000 pairs x 103 features in 11.7s
17:52:02 INFO features: 99974 pairs x 103 features in 4.4s
17:56:09 INFO    checkpoint saved: scale-test-12390a1c43a5d26c-chunk0 (35.6 MB, 1.1s)
17:56:09 INFO     us chunk 1/7: 2499974 candidates (25.0/S1), mean p1 0.144 | 553s, ETA 3315s, RSS 1.21 GB
18:00:05 INFO features: 400000 pairs x 103 features in 15.9s
18:00:18 INFO features: 400000 pairs x 103 features in 12.7s
18:00:30 INFO features: 400000 pairs x 103 features in 12.3s
18:00:42 INFO features: 400000 pairs x 103 features in 11.3s
18:00:53 INFO features: 400000 pairs x 103 features in 10.9s
18:01:04 INFO features: 400000 pairs x 103 features in 11.1s
18:01:08 INFO features: 99994 pairs x 103 features in 4.1s
18:05:17 INFO    checkpoint saved: scale-test-12390a1c43a5d26c-chunk1 (35.6 MB, 1.1s)
18:05:17 INFO     us chunk 2/7: 2499994 candidates (25.0/S1), mean p1 0.144 | 1101s, ETA 2752s, RSS 1.96 GB
18:09:11 INFO features: 400000 pairs x 103 features in 16.3s
18:09:24 INFO features: 400000 pairs x 103 features in 13.4s
18:09:36 INFO features: 400000 pairs x 103 features in 11.8s
18:09:48 INFO features: 400000 pairs x 103 features in 11.1s
18:10:00 INFO features: 400000 pairs x 103 features in 11.8s
18:10:12 INFO features: 400000 pairs x 103 features in 12.1s
18:10:16 INFO features: 99987 pairs x 103 features in 4.1s
18:14:23 INFO    checkpoint saved: scale-test-12390a1c43a5d26c-chunk2 (35.6 MB, 1.1s)
18:14:23 INFO     us chunk 3/7: 2499987 candidates (25.0/S1), mean p1 0.144 | 1646s, ETA 2195s, RSS 3.72 GB
18:18:16 INFO features: 400000 pairs x 103 features in 13.8s
18:18:30 INFO features: 400000 pairs x 103 features in 13.8s
18:18:41 INFO features: 400000 pairs x 103 features in 11.1s
18:18:52 INFO features: 400000 pairs x 103 features in 11.2s
18:19:04 INFO features: 400000 pairs x 103 features in 11.8s
18:19:16 INFO features: 400000 pairs x 103 features in 11.5s
18:19:21 INFO features: 99996 pairs x 103 features in 4.2s
18:23:28 INFO    checkpoint saved: scale-test-12390a1c43a5d26c-chunk3 (35.6 MB, 1.2s)
18:23:28 INFO     us chunk 4/7: 2499996 candidates (25.0/S1), mean p1 0.144 | 2191s, ETA 1643s, RSS 3.36 GB
18:27:25 INFO features: 400000 pairs x 103 features in 15.9s
18:27:39 INFO features: 400000 pairs x 103 features in 13.6s
18:27:50 INFO features: 400000 pairs x 103 features in 11.3s
18:28:02 INFO features: 400000 pairs x 103 features in 11.5s
18:28:13 INFO features: 400000 pairs x 103 features in 11.4s
18:28:25 INFO features: 400000 pairs x 103 features in 11.4s
18:28:30 INFO features: 99999 pairs x 103 features in 4.3s
18:32:34 INFO    checkpoint saved: scale-test-12390a1c43a5d26c-chunk4 (35.6 MB, 1.1s)
18:32:34 INFO     us chunk 5/7: 2499999 candidates (25.0/S1), mean p1 0.144 | 2738s, ETA 1095s, RSS 3.83 GB
18:36:44 INFO features: 400000 pairs x 103 features in 13.6s
18:36:58 INFO features: 400000 pairs x 103 features in 13.5s
18:37:10 INFO features: 400000 pairs x 103 features in 12.0s
18:37:22 INFO features: 400000 pairs x 103 features in 11.6s
18:37:34 INFO features: 400000 pairs x 103 features in 12.4s
18:37:45 INFO features: 400000 pairs x 103 features in 11.0s
18:37:50 INFO features: 99992 pairs x 103 features in 4.2s
18:41:54 INFO    checkpoint saved: scale-test-12390a1c43a5d26c-chunk5 (35.6 MB, 1.1s)
18:41:54 INFO     us chunk 6/7: 2499992 candidates (25.0/S1), mean p1 0.144 | 3297s, ETA 550s, RSS 3.65 GB
18:45:00 INFO features: 400000 pairs x 103 features in 14.3s
18:45:14 INFO features: 400000 pairs x 103 features in 13.6s
18:45:27 INFO features: 400000 pairs x 103 features in 12.7s
18:45:39 INFO features: 377650 pairs x 103 features in 12.0s
18:48:12 INFO    checkpoint saved: scale-test-12390a1c43a5d26c-chunk6 (22.5 MB, 0.7s)
18:48:12 INFO     us chunk 7/7: 1577650 candidates (25.0/S1), mean p1 0.144 | 3675s, ETA 0s, RSS 4.2 GB
18:48:20 INFO    checkpoint saved: scale-test-12390a1c43a5d26c (236.2 MB, 7.0s)
18:48:21 INFO << [stage 11] test[us] done in 1h04m33s | total 2h38m52s | RSS 4.26 GB
18:48:21 INFO >> [stage 12] decode_test | elapsed 2h38m52s | RSS 4.26 GB
18:51:28 INFO dashboard france   S1=  259452 cand/S1 25.0 pred-empty 0.058 mean matches 3.218
18:51:28 INFO dashboard india    S1=  809986 cand/S1 25.0 pred-empty 0.065 mean matches 3.185
18:51:28 INFO dashboard us       S1=  663106 cand/S1 25.0 pred-empty 0.057 mean matches 3.397
18:51:28 INFO << [stage 12] decode_test done in 3m07s | total 2h41m59s | RSS 6.17 GB
18:51:39 INFO >> [stage 13] write_and_validate | elapsed 2h42m09s | RSS 4.66 GB
18:52:56 INFO local output check: ['PASS']
18:53:29 INFO official validator (F:\AMRITA ALL SEMESTER\projects\Amazon ML Challenge 2026\student_resource\utils\validate_submission.py): PASS
18:53:30 INFO << [stage 13] write_and_validate done in 1m51s | total 2h44m00s | RSS 2.33 GB
18:53:30 INFO >> [stage 14] docs_and_zip | elapsed 2h44m00s | RSS 2.33 GB
18:53:30 INFO << [stage 14] docs_and_zip done in 0m00s | total 2h44m00s | RSS 2.34 GB
18:53:30 INFO ==============================================================================
18:53:30 INFO RUN SUMMARY
18:53:30 INFO   OOF macro F0.5   nested 0.96729   final-policy 0.96739   precision 0.9922   recall 0.9251   singleton acc 0.9652
18:53:30 INFO   OOF by country   india=0.9567(n=79800)  us=0.9745(n=120200)
18:53:30 INFO   OOF by #matches 0=0.9652  1=0.9033  2=0.9599  3+=0.9741
18:53:30 INFO   error budget     {'missed_extra_matches': 0.01876, 'extra_false_positives': 0.00417, 'missed_entity_blocking': 0.00409, 'missed_entity_model': 0.00342, 'singleton_false_merge': 0.00196, 'wrong_pick_only': 0.00021}
18:53:30 INFO   blocking (train) PC union 0.9673 -> final 0.9603   cand/S1 25.0   RR 0.999998
18:53:30 INFO   models           pass1 AUC 0.99956   pass2 AUC 0.99961   entity AUC nan   ECE after isotonic 0.0000
18:53:30 INFO   decoder          ['d3', 0.0, 1.5, -0.25, False]   variant pass2   backend lightgbm   neural None
18:53:30 INFO   test             1732544 S1, 1626808 with matches, 5667374 matched ids
18:53:30 INFO   validator        local PASS   official True
18:53:30 INFO   sha256           {'matching_results.tsv': '45ba4b3fda1277a2070f458fcfdb5021db53b78e1600d24bd1f898252c5f8a39', 'candidate_pairs.tsv': 'bd7b418257d955fb7ac6d3253d4e451ef2647c48f17b958e7dc50bedd13c1905'}
18:53:30 INFO   runtime          2h44m00s   peak RSS 10.18 GB   checkpoint hits 0
18:53:30 INFO   zip              -
18:53:30 INFO ==============================================================================
