22:58:41 INFO    checkpoint hit: proxy-built-v1-150000 (1.2s, F:\AMRITA ALL SEMESTER\projects\Amazon ML Challenge 2026\ber_cache)
22:58:57 INFO proxy profile: {'india': {'pairs_per_s1': 24.99982393332942, 'gray_0.2_0.8': 0.00911536178173422, 'strong_per_s1': 3.233692639761071, 's1_top_below_0.5': 0.06479253477316745, 'records_claimed_by_2plus_s1': 0.0016563782683171196}, 'us': {'pairs_per_s1': 25.0, 'gray_0.2_0.8': 0.008874626193768288, 'strong_per_s1': 3.3371555355477667, 's1_top_below_0.5': 0.05958390945046464, 'records_claimed_by_2plus_s1': 0.0008351511855096448}}
22:59:23 INFO submitted policy on the proxy: macro F0.5 0.96624 {'india': 0.9578793819309053, 'us': 0.9744858546062392}
23:00:02 INFO   normalized cache hit: norm-train_source1-210069713-1790376971-aa22d71da7290a1b.parquet
23:00:02 INFO   normalized cache hit: norm-train_source2-489301488-1790376963-aa22d71da7290a1b.parquet
23:00:02 INFO   normalized cache hit: norm-train_source3-503705637-1790376969-aa22d71da7290a1b.parquet
23:00:02 INFO   normalized cache hit: norm-test_source1-175022086-1790376957-aa22d71da7290a1b.parquet
23:00:02 INFO   normalized cache hit: norm-test_source2-509456422-1790376951-aa22d71da7290a1b.parquet
23:00:02 INFO   normalized cache hit: norm-test_source3-506002772-1790376956-aa22d71da7290a1b.parquet
23:00:02 INFO GPU GBDT unavailable (nvidia-smi not found); using LightGBM on CPU
23:00:03 INFO    checkpoint hit: scale-test-5e36f206010ba954 (0.9s, F:\AMRITA ALL SEMESTER\projects\Amazon ML Challenge 2026\ber_cache)
23:00:05 INFO test profile france: {'pairs_per_s1': 24.999495089650495, 'gray_0.2_0.8': 0.018371707551869215, 'strong_per_s1': 3.3753757920540215, 's1_top_below_0.5': 0.05644589365277585, 'records_claimed_by_2plus_s1': 0.011685649439766356}
23:00:05 INFO test france: 259452 S1, 1434993 pool, 6486169 pairs (scale-test-5e36f206010ba954)
23:00:07 INFO    checkpoint hit: scale-test-ef29fc5cc4c22d5a (2.8s, F:\AMRITA ALL SEMESTER\projects\Amazon ML Challenge 2026\ber_cache)
23:00:12 INFO test profile india: {'pairs_per_s1': 24.999780242844004, 'gray_0.2_0.8': 0.01308653021487451, 'strong_per_s1': 3.2906979758884423, 's1_top_below_0.5': 0.06466786421970777, 'records_claimed_by_2plus_s1': 0.003578489149303921}
23:00:12 INFO test india: 809986 S1, 4717565 pool, 20249447 pairs (scale-test-ef29fc5cc4c22d5a)
23:00:14 INFO    checkpoint hit: scale-test-12390a1c43a5d26c (2.3s, F:\AMRITA ALL SEMESTER\projects\Amazon ML Challenge 2026\ber_cache)
23:00:18 INFO test profile us: {'pairs_per_s1': 24.999912532837886, 'gray_0.2_0.8': 0.01693913084602396, 'strong_per_s1': 3.524599385316978, 's1_top_below_0.5': 0.05676317210219784, 'records_claimed_by_2plus_s1': 0.002373635234800735}
23:00:18 INFO test us: 663106 S1, 3817031 pool, 16577592 pairs (scale-test-12390a1c43a5d26c)
23:02:53 INFO test arrays reproduce the submitted 5667374 matches
23:04:47 INFO shift france: mid-band true rate proxy [0.51, 0.59, 0.68, 0.76, 0.83, 0.88, 0.9, 0.93] -> test est [0.25, 0.3, 0.34, 0.41, 0.51, 0.63, 0.7, 0.74]
23:04:49 INFO shift india: mid-band true rate proxy [0.51, 0.59, 0.69, 0.77, 0.83, 0.88, 0.91, 0.93] -> test est [0.36, 0.43, 0.49, 0.57, 0.61, 0.74, 0.78, 0.83]
23:04:50 INFO shift us: mid-band true rate proxy [0.51, 0.59, 0.68, 0.75, 0.84, 0.86, 0.9, 0.93] -> test est [0.25, 0.28, 0.32, 0.36, 0.41, 0.45, 0.54, 0.59]
23:09:19 INFO test decoded: {'pairs_selected': 5478442, 's1_with_matches': 1620116, 'n_s1': 1732544, 'mean_matches': 3.162079577776957, 'empty_rate': 0.06489185844630785, 'path': 'F:\\AMRITA ALL SEMESTER\\projects\\Amazon ML Challenge 2026\\output\\v3_shift\\matching_results.tsv', 'candidates_file': 'F:\\AMRITA ALL SEMESTER\\projects\\Amazon ML Challenge 2026\\output\\candidate_pairs.tsv', 'by_partition': {'france': {'n_s1': 259452, 'mean_matches': 3.1260425820575675, 'empty_rate': 0.06324483912245811}, 'india': {'n_s1': 809986, 'mean_matches': 3.1211527112814297, 'empty_rate': 0.06776660337339165}, 'us': {'n_s1': 663106, 'mean_matches': 3.226171984569586, 'empty_rate': 0.06202477431964121}}, 'official_validator': {'pass': True, 'output': 'ML Challenge 2026 — submission validator\n  test dir: F:\\AMRITA ALL SEMESTER\\projects\\Amazon ML Challenge 2026\\student_resource\\dataset\\test\n  required S1 entities: 1732544\n  matching_results.tsv: 1732544 rows (112428 empty, 1620116 non-empty).\n  candidate_pairs.tsv: 1732544 rows (1 empty, 1732543 non-empty).\n\nWARNING: ID-existence check is OFF (the default) — not checking that matched/candidate IDs exist in the test set. Every other rule is still checked. Re-run with --check-ids to enable it (needs test_source2/3.tsv; uses more memory). A nonexistent ID only lowers your score, never rejects your submission.\nPASS — no blocking issues found. Safe to submit.'}, 'sha256': 'b420c858cb8e32f48aa95189a70bce10dbd754f89e0fe294de210112b25a5bb5'}
23:09:23 INFO done in 643s -> F:\AMRITA ALL SEMESTER\projects\Amazon ML Challenge 2026\code\business_entity_resolution\reports\decide\decide_report.json
